
Allocating common symbols
Common symbol       size              file

Microseconds        0x4               ./src/dhrystone/dhry_1.o
Dhrystones_Per_Second
                    0x4               ./src/dhrystone/dhry_1.o
User_Insn           0x4               ./src/dhrystone/dhry_1.o
User_Time           0x4               ./src/dhrystone/dhry_1.o
Begin_Time          0x4               ./src/dhrystone/dhry_1.o
Arr_2_Glob          0x2710            ./src/dhrystone/dhry_1.o
End_Time            0x4               ./src/dhrystone/dhry_1.o
Next_Ptr_Glob       0x4               ./src/dhrystone/dhry_1.o
Int_Glob            0x4               ./src/dhrystone/dhry_1.o
Ch_1_Glob           0x1               ./src/dhrystone/dhry_1.o
Ch_2_Glob           0x1               ./src/dhrystone/dhry_1.o
Ptr_Glob            0x4               ./src/dhrystone/dhry_1.o
Begin_Insn          0x4               ./src/dhrystone/dhry_1.o
Arr_1_Glob          0xc8              ./src/dhrystone/dhry_1.o
Bool_Glob           0x4               ./src/dhrystone/dhry_1.o
End_Insn            0x4               ./src/dhrystone/dhry_1.o
heap_memory         0x400             ./src/stdlib.o

Memory Configuration

Name             Origin             Length             Attributes
*default*        0x0000000000000000 0xffffffffffffffff

Linker script and memory map

LOAD ./src/riscv_isa_tests/add.o
LOAD ./src/riscv_isa_tests/addi.o
LOAD ./src/riscv_isa_tests/and.o
LOAD ./src/riscv_isa_tests/andi.o
LOAD ./src/riscv_isa_tests/auipc.o
LOAD ./src/riscv_isa_tests/beq.o
LOAD ./src/riscv_isa_tests/bge.o
LOAD ./src/riscv_isa_tests/bgeu.o
LOAD ./src/riscv_isa_tests/blt.o
LOAD ./src/riscv_isa_tests/bltu.o
LOAD ./src/riscv_isa_tests/bne.o
LOAD ./src/riscv_isa_tests/csr.o
LOAD ./src/riscv_isa_tests/div.o
LOAD ./src/riscv_isa_tests/divu.o
LOAD ./src/riscv_isa_tests/ecall.o
LOAD ./src/riscv_isa_tests/j.o
LOAD ./src/riscv_isa_tests/jal.o
LOAD ./src/riscv_isa_tests/jalr.o
LOAD ./src/riscv_isa_tests/lb.o
LOAD ./src/riscv_isa_tests/lbu.o
LOAD ./src/riscv_isa_tests/lh.o
LOAD ./src/riscv_isa_tests/lhu.o
LOAD ./src/riscv_isa_tests/lui.o
LOAD ./src/riscv_isa_tests/lw.o
LOAD ./src/riscv_isa_tests/mul.o
LOAD ./src/riscv_isa_tests/mulh.o
LOAD ./src/riscv_isa_tests/mulhsu.o
LOAD ./src/riscv_isa_tests/mulhu.o
LOAD ./src/riscv_isa_tests/or.o
LOAD ./src/riscv_isa_tests/ori.o
LOAD ./src/riscv_isa_tests/rem.o
LOAD ./src/riscv_isa_tests/remu.o
LOAD ./src/riscv_isa_tests/sb.o
LOAD ./src/riscv_isa_tests/sh.o
LOAD ./src/riscv_isa_tests/sll.o
LOAD ./src/riscv_isa_tests/slli.o
LOAD ./src/riscv_isa_tests/slt.o
LOAD ./src/riscv_isa_tests/slti.o
LOAD ./src/riscv_isa_tests/sra.o
LOAD ./src/riscv_isa_tests/srai.o
LOAD ./src/riscv_isa_tests/srl.o
LOAD ./src/riscv_isa_tests/srli.o
LOAD ./src/riscv_isa_tests/sub.o
LOAD ./src/riscv_isa_tests/sw.o
LOAD ./src/riscv_isa_tests/xor.o
LOAD ./src/riscv_isa_tests/xori.o
LOAD ./src/riscv_isa_tests/amoadd_w.o
LOAD ./src/riscv_isa_tests/amoand_w.o
LOAD ./src/riscv_isa_tests/amomaxu_w.o
LOAD ./src/riscv_isa_tests/amomax_w.o
LOAD ./src/riscv_isa_tests/amominu_w.o
LOAD ./src/riscv_isa_tests/amomin_w.o
LOAD ./src/riscv_isa_tests/amoor_w.o
LOAD ./src/riscv_isa_tests/amoswap_w.o
LOAD ./src/riscv_isa_tests/amoxor_w.o
LOAD ./src/riscv_isa_tests/lrsc.o
LOAD ./src/dhrystone/dhry_1.o
LOAD ./src/dhrystone/dhry_2.o
LOAD ./src/coremark/core_list_join.o
LOAD ./src/coremark/core_main.o
LOAD ./src/coremark/core_matrix.o
LOAD ./src/coremark/core_portme.o
LOAD ./src/coremark/core_state.o
LOAD ./src/coremark/core_util.o
LOAD ./src/init.o
LOAD ./src/start.o
LOAD ./src/stdlib.o
LOAD /home/dean/Desktop/new/riscv-tool-old/riscv-gnu-toolchain/build/lib/gcc/riscv64-unknown-elf/7.1.1/../../../../riscv64-unknown-elf/lib/libc.a
LOAD /home/dean/Desktop/new/riscv-tool-old/riscv-gnu-toolchain/build/lib/gcc/riscv64-unknown-elf/7.1.1/libgcc.a
START GROUP
LOAD /home/dean/Desktop/new/riscv-tool-old/riscv-gnu-toolchain/build/lib/gcc/riscv64-unknown-elf/7.1.1/../../../../riscv64-unknown-elf/lib/libc.a
LOAD /home/dean/Desktop/new/riscv-tool-old/riscv-gnu-toolchain/build/lib/gcc/riscv64-unknown-elf/7.1.1/../../../../riscv64-unknown-elf/lib/libgloss.a
END GROUP
LOAD /home/dean/Desktop/new/riscv-tool-old/riscv-gnu-toolchain/build/lib/gcc/riscv64-unknown-elf/7.1.1/libgcc.a
                0x0000000000000000                . = 0x0

.text           0x0000000000000000    0x1df38
 *(.text.boot)
 .text.boot     0x0000000000000000       0xb8 ./src/start.o
                0x0000000000000000                _start
                0x0000000000000084                isaTest
                0x0000000000000090                isaTestEnd
                0x0000000000000098                dhrystoneBenchmark
                0x00000000000000a8                coremarkBenchmark
                0x0000000000010000                . = 0x10000
 *fill*         0x00000000000000b8     0xff48 
 *(.text)
 .text          0x0000000000010000      0x56c ./src/riscv_isa_tests/add.o
                0x0000000000010008                add
 .text          0x000000000001056c      0x314 ./src/riscv_isa_tests/addi.o
                0x0000000000010574                addi
 .text          0x0000000000010880      0x544 ./src/riscv_isa_tests/and.o
                0x0000000000010888                and
 .text          0x0000000000010dc4      0x24c ./src/riscv_isa_tests/andi.o
                0x0000000000010dcc                andi
 .text          0x0000000000011010       0xd0 ./src/riscv_isa_tests/auipc.o
                0x0000000000011018                auipc
 .text          0x00000000000110e0      0x34c ./src/riscv_isa_tests/beq.o
                0x00000000000110e8                beq
 .text          0x000000000001142c      0x3ac ./src/riscv_isa_tests/bge.o
                0x0000000000011434                bge
 .text          0x00000000000117d8      0x3e0 ./src/riscv_isa_tests/bgeu.o
                0x00000000000117e0                bgeu
 .text          0x0000000000011bb8      0x34c ./src/riscv_isa_tests/blt.o
                0x0000000000011bc0                blt
 .text          0x0000000000011f04      0x380 ./src/riscv_isa_tests/bltu.o
                0x0000000000011f0c                bltu
 .text          0x0000000000012284      0x350 ./src/riscv_isa_tests/bne.o
                0x000000000001228c                bne
 .text          0x00000000000125d4      0x230 ./src/riscv_isa_tests/csr.o
                0x00000000000125dc                csr
                0x00000000000127a4                mtvec_handler
 .text          0x0000000000012804      0x168 ./src/riscv_isa_tests/div.o
                0x000000000001280c                div
 .text          0x000000000001296c      0x16c ./src/riscv_isa_tests/divu.o
                0x0000000000012974                divu
 .text          0x0000000000012ad8       0xc4 ./src/riscv_isa_tests/ecall.o
                0x0000000000012ae0                ecall
 .text          0x0000000000012b9c       0xc4 ./src/riscv_isa_tests/j.o
                0x0000000000012ba0                j
 .text          0x0000000000012c60       0xe4 ./src/riscv_isa_tests/jal.o
                0x0000000000012c68                jal
 .text          0x0000000000012d44      0x18c ./src/riscv_isa_tests/jalr.o
                0x0000000000012d4c                jalr
 .text          0x0000000000012ed0      0x2d4 ./src/riscv_isa_tests/lb.o
                0x0000000000012ed4                lb
 .text          0x00000000000131a4      0x2d8 ./src/riscv_isa_tests/lbu.o
                0x00000000000131ac                lbu
 .text          0x000000000001347c      0x2f4 ./src/riscv_isa_tests/lh.o
                0x0000000000013480                lh
 .text          0x0000000000013770      0x30c ./src/riscv_isa_tests/lhu.o
                0x0000000000013778                lhu
 .text          0x0000000000013a7c       0xec ./src/riscv_isa_tests/lui.o
                0x0000000000013a84                lui
 .text          0x0000000000013b68      0x314 ./src/riscv_isa_tests/lw.o
                0x0000000000013b6c                lw
 .text          0x0000000000013e7c      0x554 ./src/riscv_isa_tests/mul.o
                0x0000000000013e84                mul
 .text          0x00000000000143d0      0x554 ./src/riscv_isa_tests/mulh.o
                0x00000000000143d8                mulh
 .text          0x0000000000014924      0x554 ./src/riscv_isa_tests/mulhsu.o
                0x000000000001492c                mulhsu
 .text          0x0000000000014e78      0x554 ./src/riscv_isa_tests/mulhu.o
                0x0000000000014e80                mulhu
 .text          0x00000000000153cc      0x54c ./src/riscv_isa_tests/or.o
                0x00000000000153d0                or
 .text          0x0000000000015918      0x268 ./src/riscv_isa_tests/ori.o
                0x0000000000015920                ori
 .text          0x0000000000015b80      0x168 ./src/riscv_isa_tests/rem.o
                0x0000000000015b88                rem
 .text          0x0000000000015ce8      0x168 ./src/riscv_isa_tests/remu.o
                0x0000000000015cf0                remu
 .text          0x0000000000015e50      0x47c ./src/riscv_isa_tests/sb.o
                0x0000000000015e54                sb
 .text          0x00000000000162cc      0x500 ./src/riscv_isa_tests/sh.o
                0x00000000000162d0                sh
 .text          0x00000000000167cc      0x5f8 ./src/riscv_isa_tests/sll.o
                0x00000000000167d4                sll
 .text          0x0000000000016dc4      0x310 ./src/riscv_isa_tests/slli.o
                0x0000000000016dcc                slli
 .text          0x00000000000170d4      0x554 ./src/riscv_isa_tests/slt.o
                0x00000000000170dc                slt
 .text          0x0000000000017628      0x300 ./src/riscv_isa_tests/slti.o
                0x0000000000017630                slti
 .text          0x0000000000017928      0x628 ./src/riscv_isa_tests/sra.o
                0x0000000000017930                sra
 .text          0x0000000000017f50      0x344 ./src/riscv_isa_tests/srai.o
                0x0000000000017f58                srai
 .text          0x0000000000018294      0x648 ./src/riscv_isa_tests/srl.o
                0x000000000001829c                srl
 .text          0x00000000000188dc      0x340 ./src/riscv_isa_tests/srli.o
                0x00000000000188e4                srli
 .text          0x0000000000018c1c      0x54c ./src/riscv_isa_tests/sub.o
                0x0000000000018c24                sub
 .text          0x0000000000019168      0x50c ./src/riscv_isa_tests/sw.o
                0x000000000001916c                sw
 .text          0x0000000000019674      0x54c ./src/riscv_isa_tests/xor.o
                0x000000000001967c                xor
 .text          0x0000000000019bc0      0x270 ./src/riscv_isa_tests/xori.o
                0x0000000000019bc8                xori
 .text          0x0000000000019e30       0xf4 ./src/riscv_isa_tests/amoadd_w.o
                0x0000000000019e3c                amoaddw
 .text          0x0000000000019f24       0xec ./src/riscv_isa_tests/amoand_w.o
                0x0000000000019f30                amoand_w
 .text          0x000000000001a010       0xf0 ./src/riscv_isa_tests/amomaxu_w.o
                0x000000000001a01c                amomaxu_w
 .text          0x000000000001a100       0xf0 ./src/riscv_isa_tests/amomax_w.o
                0x000000000001a10c                amomax_w
 .text          0x000000000001a1f0       0xf0 ./src/riscv_isa_tests/amominu_w.o
                0x000000000001a1fc                amominu_w
 .text          0x000000000001a2e0       0xf0 ./src/riscv_isa_tests/amomin_w.o
                0x000000000001a2ec                amomin_w
 .text          0x000000000001a3d0       0xec ./src/riscv_isa_tests/amoor_w.o
                0x000000000001a3dc                amoor_w
 .text          0x000000000001a4bc       0xec ./src/riscv_isa_tests/amoswap_w.o
                0x000000000001a4c8                amoswap_w
 .text          0x000000000001a5a8       0xfc ./src/riscv_isa_tests/amoxor_w.o
                0x000000000001a5b4                amoxor_w
 .text          0x000000000001a6a4      0x178 ./src/riscv_isa_tests/lrsc.o
                0x000000000001a6ac                lrsc_w
 .text          0x000000000001a81c      0x85c ./src/dhrystone/dhry_1.o
                0x000000000001a81c                Proc_2
                0x000000000001a84c                Proc_3
                0x000000000001a878                Proc_1
                0x000000000001a938                DHRYSTONE
                0x000000000001b030                Proc_4
                0x000000000001b060                Proc_5
 .text          0x000000000001b078      0x15c ./src/dhrystone/dhry_2.o
                0x000000000001b078                Proc_6
                0x000000000001b0c8                Proc_7
                0x000000000001b0d8                Proc_8
                0x000000000001b140                Func_1
                0x000000000001b164                Func_2
                0x000000000001b1c8                Func_3
 .text          0x000000000001b1d4      0x8c8 ./src/coremark/core_list_join.o
                0x000000000001b1d4                cmp_idx
                0x000000000001b220                calc_func
                0x000000000001b330                cmp_complex
                0x000000000001b380                copy_info
                0x000000000001b394                core_list_insert_new
                0x000000000001b3f4                core_list_remove
                0x000000000001b420                core_list_undo_remove
                0x000000000001b440                core_list_find
                0x000000000001b4b0                core_list_reverse
                0x000000000001b4d4                core_list_mergesort
                0x000000000001b61c                core_bench_list
                0x000000000001b8c4                core_list_init
 .text          0x000000000001ba9c      0xa84 ./src/coremark/core_main.o
                0x000000000001ba9c                iterate
                0x000000000001bb28                COREMARK
 .text          0x000000000001c520      0xab4 ./src/coremark/core_matrix.o
                0x000000000001c520                printmat
                0x000000000001c5f4                printmatC
                0x000000000001c6c8                core_init_matrix
                0x000000000001c818                matrix_sum
                0x000000000001c8b8                matrix_mul_const
                0x000000000001c8f8                matrix_add_const
                0x000000000001c930                matrix_mul_vect
                0x000000000001c980                matrix_mul_matrix
                0x000000000001ca04                matrix_mul_matrix_bitextract
                0x000000000001ca9c                matrix_test
                0x000000000001cf98                core_bench_matrix
 .text          0x000000000001cfd4       0x7c ./src/coremark/core_portme.o
                0x000000000001cfd4                start_time
                0x000000000001cff4                stop_time
                0x000000000001d014                get_time
                0x000000000001d02c                time_in_secs
                0x000000000001d03c                portable_init
                0x000000000001d048                portable_fini
 .text          0x000000000001d050      0x6f0 ./src/coremark/core_state.o
                0x000000000001d050                core_init_state
                0x000000000001d1c8                core_state_transition
                0x000000000001d50c                core_bench_state
 .text          0x000000000001d740      0x16c ./src/coremark/core_util.o
                0x000000000001d740                get_seed_32
                0x000000000001d7a4                crcu8
                0x000000000001d7e4                crcu16
                0x000000000001d864                crcu32
                0x000000000001d898                crc16
                0x000000000001d8a4                check_data_types
 .text          0x000000000001d8ac       0x44 ./src/init.o
                0x000000000001d8ac                risvISATestStartMsg
                0x000000000001d8b8                risvDhrystoneStartMsg
                0x000000000001d8c4                risvCoremarkStartMsg
                0x000000000001d8d0                init
 .text          0x000000000001d8f0        0x0 ./src/start.o
 .text          0x000000000001d8f0      0x648 ./src/stdlib.o
                0x000000000001d8f0                time
                0x000000000001d8f8                insn
                0x000000000001d900                enableIntr
                0x000000000001d908                enableExternalIntr
                0x000000000001d91c                enableTimerIntr
                0x000000000001d92c                disableIntr
                0x000000000001d934                disableExternalIntr
                0x000000000001d944                disableTimerIntr
                0x000000000001d950                readMtime
                0x000000000001d95c                readMtimeCmp
                0x000000000001d968                writeMtimeCmp
                0x000000000001d974                malloc
                0x000000000001d9a0                printf_c
                0x000000000001d9b8                printf_s
                0x000000000001d9e4                printf_d
                0x000000000001da60                printf_h
                0x000000000001daa4                printf
                0x000000000001dcb0                scanf_c
                0x000000000001dcf4                scanf
                0x000000000001dd60                memcpy
                0x000000000001dd84                strcpy
                0x000000000001de34                strcmp

.rodata         0x000000000001df38       0x90
 *(.rodata)
 .rodata        0x000000000001df38       0x22 ./src/coremark/core_main.o
 *fill*         0x000000000001df5a        0x2 
 .rodata        0x000000000001df5c       0x54 ./src/coremark/core_state.o
 .rodata        0x000000000001dfb0       0x18 ./src/coremark/core_util.o

.rodata.str1.4  0x000000000001dfc8      0xd1c
 .rodata.str1.4
                0x000000000001dfc8      0x5d6 ./src/dhrystone/dhry_1.o
                                        0x5da (size before relaxing)
 *fill*         0x000000000001e59e        0x2 
 .rodata.str1.4
                0x000000000001e5a0       0x64 ./src/coremark/core_list_join.o
                                         0x66 (size before relaxing)
 .rodata.str1.4
                0x000000000001e604      0x456 ./src/coremark/core_main.o
                                        0x45a (size before relaxing)
 *fill*         0x000000000001ea5a        0x2 
 .rodata.str1.4
                0x000000000001ea5c       0x8d ./src/coremark/core_matrix.o
                                         0x91 (size before relaxing)
 *fill*         0x000000000001eae9        0x3 
 .rodata.str1.4
                0x000000000001eaec       0xf1 ./src/coremark/core_state.o
                                         0xf5 (size before relaxing)
 *fill*         0x000000000001ebdd        0x3 
 .rodata.str1.4
                0x000000000001ebe0       0xef ./src/init.o
 *fill*         0x000000000001eccf        0x1 
 .rodata.str1.4
                0x000000000001ecd0       0x14 ./src/stdlib.o
                                         0x15 (size before relaxing)

.rela.dyn       0x000000000001ece4        0x0
 .rela.text     0x000000000001ece4        0x0 ./src/riscv_isa_tests/add.o

.data           0x000000000001ece4      0x490
 *(.data)
 .data          0x000000000001ece4        0x0 ./src/riscv_isa_tests/add.o
 .data          0x000000000001ece4        0x0 ./src/riscv_isa_tests/addi.o
 .data          0x000000000001ece4        0x0 ./src/riscv_isa_tests/and.o
 .data          0x000000000001ece4        0x0 ./src/riscv_isa_tests/andi.o
 .data          0x000000000001ece4        0x0 ./src/riscv_isa_tests/auipc.o
 .data          0x000000000001ece4        0x0 ./src/riscv_isa_tests/beq.o
 .data          0x000000000001ece4        0x0 ./src/riscv_isa_tests/bge.o
 .data          0x000000000001ece4        0x0 ./src/riscv_isa_tests/bgeu.o
 .data          0x000000000001ece4        0x0 ./src/riscv_isa_tests/blt.o
 .data          0x000000000001ece4        0x0 ./src/riscv_isa_tests/bltu.o
 .data          0x000000000001ece4        0x0 ./src/riscv_isa_tests/bne.o
 .data          0x000000000001ece4        0x4 ./src/riscv_isa_tests/csr.o
 .data          0x000000000001ece8        0x0 ./src/riscv_isa_tests/div.o
 .data          0x000000000001ece8        0x0 ./src/riscv_isa_tests/divu.o
 .data          0x000000000001ece8        0x0 ./src/riscv_isa_tests/ecall.o
 .data          0x000000000001ece8        0x0 ./src/riscv_isa_tests/j.o
 .data          0x000000000001ece8        0x0 ./src/riscv_isa_tests/jal.o
 .data          0x000000000001ece8        0x0 ./src/riscv_isa_tests/jalr.o
 .data          0x000000000001ece8        0x4 ./src/riscv_isa_tests/lb.o
 .data          0x000000000001ecec        0x4 ./src/riscv_isa_tests/lbu.o
 .data          0x000000000001ecf0        0x8 ./src/riscv_isa_tests/lh.o
 .data          0x000000000001ecf8        0x8 ./src/riscv_isa_tests/lhu.o
 .data          0x000000000001ed00        0x0 ./src/riscv_isa_tests/lui.o
 .data          0x000000000001ed00       0x10 ./src/riscv_isa_tests/lw.o
 .data          0x000000000001ed10        0x0 ./src/riscv_isa_tests/mul.o
 .data          0x000000000001ed10        0x0 ./src/riscv_isa_tests/mulh.o
 .data          0x000000000001ed10        0x0 ./src/riscv_isa_tests/mulhsu.o
 .data          0x000000000001ed10        0x0 ./src/riscv_isa_tests/mulhu.o
 .data          0x000000000001ed10        0x0 ./src/riscv_isa_tests/or.o
 .data          0x000000000001ed10        0x0 ./src/riscv_isa_tests/ori.o
 .data          0x000000000001ed10        0x0 ./src/riscv_isa_tests/rem.o
 .data          0x000000000001ed10        0x0 ./src/riscv_isa_tests/remu.o
 .data          0x000000000001ed10        0xa ./src/riscv_isa_tests/sb.o
 *fill*         0x000000000001ed1a        0x2 
 .data          0x000000000001ed1c       0x14 ./src/riscv_isa_tests/sh.o
 .data          0x000000000001ed30        0x0 ./src/riscv_isa_tests/sll.o
 .data          0x000000000001ed30        0x0 ./src/riscv_isa_tests/slli.o
 .data          0x000000000001ed30        0x0 ./src/riscv_isa_tests/slt.o
 .data          0x000000000001ed30        0x0 ./src/riscv_isa_tests/slti.o
 .data          0x000000000001ed30        0x0 ./src/riscv_isa_tests/sra.o
 .data          0x000000000001ed30        0x0 ./src/riscv_isa_tests/srai.o
 .data          0x000000000001ed30        0x0 ./src/riscv_isa_tests/srl.o
 .data          0x000000000001ed30        0x0 ./src/riscv_isa_tests/srli.o
 .data          0x000000000001ed30        0x0 ./src/riscv_isa_tests/sub.o
 .data          0x000000000001ed30       0x28 ./src/riscv_isa_tests/sw.o
 .data          0x000000000001ed58        0x0 ./src/riscv_isa_tests/xor.o
 .data          0x000000000001ed58        0x0 ./src/riscv_isa_tests/xori.o
 .data          0x000000000001ed58        0x0 ./src/riscv_isa_tests/amoadd_w.o
 .data          0x000000000001ed58        0x0 ./src/riscv_isa_tests/amoand_w.o
 .data          0x000000000001ed58        0x0 ./src/riscv_isa_tests/amomaxu_w.o
 .data          0x000000000001ed58        0x0 ./src/riscv_isa_tests/amomax_w.o
 .data          0x000000000001ed58        0x0 ./src/riscv_isa_tests/amominu_w.o
 .data          0x000000000001ed58        0x0 ./src/riscv_isa_tests/amomin_w.o
 .data          0x000000000001ed58        0x0 ./src/riscv_isa_tests/amoor_w.o
 .data          0x000000000001ed58        0x0 ./src/riscv_isa_tests/amoswap_w.o
 .data          0x000000000001ed58        0x0 ./src/riscv_isa_tests/amoxor_w.o
 .data          0x000000000001ed58      0x410 ./src/riscv_isa_tests/lrsc.o
 .data          0x000000000001f168        0x0 ./src/dhrystone/dhry_1.o
 .data          0x000000000001f168        0x0 ./src/dhrystone/dhry_2.o
 .data          0x000000000001f168        0x0 ./src/coremark/core_list_join.o
 .data          0x000000000001f168        0xc ./src/coremark/core_main.o
                0x000000000001f168                mem_name
 .data          0x000000000001f174        0x0 ./src/coremark/core_matrix.o
 .data          0x000000000001f174        0x0 ./src/coremark/core_portme.o
 .data          0x000000000001f174        0x0 ./src/coremark/core_state.o
 .data          0x000000000001f174        0x0 ./src/coremark/core_util.o
 .data          0x000000000001f174        0x0 ./src/init.o
 .data          0x000000000001f174        0x0 ./src/start.o
 .data          0x000000000001f174        0x0 ./src/stdlib.o

.sdata          0x000000000001f174        0x8
 .sdata         0x000000000001f174        0x8 ./src/coremark/core_portme.o
                0x000000000001f174                default_num_contexts
                0x000000000001f178                seed3_volatile

.bss            0x000000000001f180     0x2c54
 *(.bss)
 .bss           0x000000000001f180        0x0 ./src/riscv_isa_tests/add.o
 .bss           0x000000000001f180        0x0 ./src/riscv_isa_tests/addi.o
 .bss           0x000000000001f180        0x0 ./src/riscv_isa_tests/and.o
 .bss           0x000000000001f180        0x0 ./src/riscv_isa_tests/andi.o
 .bss           0x000000000001f180        0x0 ./src/riscv_isa_tests/auipc.o
 .bss           0x000000000001f180        0x0 ./src/riscv_isa_tests/beq.o
 .bss           0x000000000001f180        0x0 ./src/riscv_isa_tests/bge.o
 .bss           0x000000000001f180        0x0 ./src/riscv_isa_tests/bgeu.o
 .bss           0x000000000001f180        0x0 ./src/riscv_isa_tests/blt.o
 .bss           0x000000000001f180        0x0 ./src/riscv_isa_tests/bltu.o
 .bss           0x000000000001f180        0x0 ./src/riscv_isa_tests/bne.o
 .bss           0x000000000001f180        0x0 ./src/riscv_isa_tests/csr.o
 .bss           0x000000000001f180        0x0 ./src/riscv_isa_tests/div.o
 .bss           0x000000000001f180        0x0 ./src/riscv_isa_tests/divu.o
 .bss           0x000000000001f180        0x0 ./src/riscv_isa_tests/ecall.o
 .bss           0x000000000001f180        0x0 ./src/riscv_isa_tests/j.o
 .bss           0x000000000001f180        0x0 ./src/riscv_isa_tests/jal.o
 .bss           0x000000000001f180        0x0 ./src/riscv_isa_tests/jalr.o
 .bss           0x000000000001f180        0x0 ./src/riscv_isa_tests/lb.o
 .bss           0x000000000001f180        0x0 ./src/riscv_isa_tests/lbu.o
 .bss           0x000000000001f180        0x0 ./src/riscv_isa_tests/lh.o
 .bss           0x000000000001f180        0x0 ./src/riscv_isa_tests/lhu.o
 .bss           0x000000000001f180        0x0 ./src/riscv_isa_tests/lui.o
 .bss           0x000000000001f180        0x0 ./src/riscv_isa_tests/lw.o
 .bss           0x000000000001f180        0x0 ./src/riscv_isa_tests/mul.o
 .bss           0x000000000001f180        0x0 ./src/riscv_isa_tests/mulh.o
 .bss           0x000000000001f180        0x0 ./src/riscv_isa_tests/mulhsu.o
 .bss           0x000000000001f180        0x0 ./src/riscv_isa_tests/mulhu.o
 .bss           0x000000000001f180        0x0 ./src/riscv_isa_tests/or.o
 .bss           0x000000000001f180        0x0 ./src/riscv_isa_tests/ori.o
 .bss           0x000000000001f180        0x0 ./src/riscv_isa_tests/rem.o
 .bss           0x000000000001f180        0x0 ./src/riscv_isa_tests/remu.o
 .bss           0x000000000001f180        0x0 ./src/riscv_isa_tests/sb.o
 .bss           0x000000000001f180        0x0 ./src/riscv_isa_tests/sh.o
 .bss           0x000000000001f180        0x0 ./src/riscv_isa_tests/sll.o
 .bss           0x000000000001f180        0x0 ./src/riscv_isa_tests/slli.o
 .bss           0x000000000001f180        0x0 ./src/riscv_isa_tests/slt.o
 .bss           0x000000000001f180        0x0 ./src/riscv_isa_tests/slti.o
 .bss           0x000000000001f180        0x0 ./src/riscv_isa_tests/sra.o
 .bss           0x000000000001f180        0x0 ./src/riscv_isa_tests/srai.o
 .bss           0x000000000001f180        0x0 ./src/riscv_isa_tests/srl.o
 .bss           0x000000000001f180        0x0 ./src/riscv_isa_tests/srli.o
 .bss           0x000000000001f180        0x0 ./src/riscv_isa_tests/sub.o
 .bss           0x000000000001f180        0x0 ./src/riscv_isa_tests/sw.o
 .bss           0x000000000001f180        0x0 ./src/riscv_isa_tests/xor.o
 .bss           0x000000000001f180        0x0 ./src/riscv_isa_tests/xori.o
 .bss           0x000000000001f180        0x8 ./src/riscv_isa_tests/amoadd_w.o
 .bss           0x000000000001f188        0x8 ./src/riscv_isa_tests/amoand_w.o
 .bss           0x000000000001f190        0x8 ./src/riscv_isa_tests/amomaxu_w.o
 .bss           0x000000000001f198        0x8 ./src/riscv_isa_tests/amomax_w.o
 .bss           0x000000000001f1a0        0x8 ./src/riscv_isa_tests/amominu_w.o
 .bss           0x000000000001f1a8        0x8 ./src/riscv_isa_tests/amomin_w.o
 .bss           0x000000000001f1b0        0x8 ./src/riscv_isa_tests/amoor_w.o
 .bss           0x000000000001f1b8        0x8 ./src/riscv_isa_tests/amoswap_w.o
 .bss           0x000000000001f1c0        0x8 ./src/riscv_isa_tests/amoxor_w.o
 .bss           0x000000000001f1c8        0x0 ./src/riscv_isa_tests/lrsc.o
 .bss           0x000000000001f1c8        0x0 ./src/dhrystone/dhry_1.o
 .bss           0x000000000001f1c8        0x0 ./src/dhrystone/dhry_2.o
 .bss           0x000000000001f1c8        0x0 ./src/coremark/core_list_join.o
 .bss           0x000000000001f1c8        0x0 ./src/coremark/core_main.o
 .bss           0x000000000001f1c8        0x0 ./src/coremark/core_matrix.o
 .bss           0x000000000001f1c8        0x0 ./src/coremark/core_portme.o
 .bss           0x000000000001f1c8        0x0 ./src/coremark/core_state.o
 .bss           0x000000000001f1c8        0x0 ./src/coremark/core_util.o
 .bss           0x000000000001f1c8        0x0 ./src/init.o
 .bss           0x000000000001f1c8        0x0 ./src/start.o
 .bss           0x000000000001f1c8        0x0 ./src/stdlib.o
 COMMON         0x000000000001f1c8     0x280c ./src/dhrystone/dhry_1.o
                0x000000000001f1c8                Microseconds
                0x000000000001f1cc                Dhrystones_Per_Second
                0x000000000001f1d0                User_Insn
                0x000000000001f1d4                User_Time
                0x000000000001f1d8                Begin_Time
                0x000000000001f1dc                Arr_2_Glob
                0x00000000000218ec                End_Time
                0x00000000000218f0                Next_Ptr_Glob
                0x00000000000218f4                Int_Glob
                0x00000000000218f8                Ch_1_Glob
                0x00000000000218f9                Ch_2_Glob
                0x00000000000218fc                Ptr_Glob
                0x0000000000021900                Begin_Insn
                0x0000000000021904                Arr_1_Glob
                0x00000000000219cc                Bool_Glob
                0x00000000000219d0                End_Insn
 COMMON         0x00000000000219d4      0x400 ./src/stdlib.o
                0x00000000000219d4                heap_memory
OUTPUT(RISCV_Test_Benchmark.elf elf32-littleriscv)

.sbss           0x0000000000021dd4       0x20
 .sbss          0x0000000000021dd4        0x4 ./src/dhrystone/dhry_1.o
                0x0000000000021dd4                Reg
 .sbss          0x0000000000021dd8       0x18 ./src/coremark/core_portme.o
                0x0000000000021de0                seed5_volatile
                0x0000000000021de4                seed4_volatile
                0x0000000000021de8                seed2_volatile
                0x0000000000021dec                seed1_volatile
 .sbss          0x0000000000021df0        0x4 ./src/stdlib.o
                0x0000000000021df0                heap_memory_used

.comment        0x0000000000000000       0x1a
 .comment       0x0000000000000000       0x1a ./src/dhrystone/dhry_1.o
                                         0x1b (size before relaxing)
 .comment       0x000000000000001a       0x1b ./src/dhrystone/dhry_2.o
 .comment       0x000000000000001a       0x1b ./src/coremark/core_list_join.o
 .comment       0x000000000000001a       0x1b ./src/coremark/core_main.o
 .comment       0x000000000000001a       0x1b ./src/coremark/core_matrix.o
 .comment       0x000000000000001a       0x1b ./src/coremark/core_portme.o
 .comment       0x000000000000001a       0x1b ./src/coremark/core_state.o
 .comment       0x000000000000001a       0x1b ./src/coremark/core_util.o
 .comment       0x000000000000001a       0x1b ./src/init.o
 .comment       0x000000000000001a       0x1b ./src/stdlib.o
