
Allocating common symbols
Common symbol       size              file

Microseconds        0x4               ./src/dhrystone/dhry_1.o
Dhrystones_Per_Second
                    0x4               ./src/dhrystone/dhry_1.o
User_Insn           0x4               ./src/dhrystone/dhry_1.o
User_Time           0x4               ./src/dhrystone/dhry_1.o
Begin_Time          0x4               ./src/dhrystone/dhry_1.o
Arr_2_Glob          0x2710            ./src/dhrystone/dhry_1.o
End_Time            0x4               ./src/dhrystone/dhry_1.o
Next_Ptr_Glob       0x4               ./src/dhrystone/dhry_1.o
Int_Glob            0x4               ./src/dhrystone/dhry_1.o
Ch_1_Glob           0x1               ./src/dhrystone/dhry_1.o
Ch_2_Glob           0x1               ./src/dhrystone/dhry_1.o
Ptr_Glob            0x4               ./src/dhrystone/dhry_1.o
Begin_Insn          0x4               ./src/dhrystone/dhry_1.o
Arr_1_Glob          0xc8              ./src/dhrystone/dhry_1.o
Bool_Glob           0x4               ./src/dhrystone/dhry_1.o
End_Insn            0x4               ./src/dhrystone/dhry_1.o
heap_memory         0x400             ./src/stdlib.o

Memory Configuration

Name             Origin             Length             Attributes
*default*        0x0000000000000000 0xffffffffffffffff

Linker script and memory map

LOAD ./src/riscv_isa_tests/add.o
LOAD ./src/riscv_isa_tests/addi.o
LOAD ./src/riscv_isa_tests/and.o
LOAD ./src/riscv_isa_tests/andi.o
LOAD ./src/riscv_isa_tests/auipc.o
LOAD ./src/riscv_isa_tests/beq.o
LOAD ./src/riscv_isa_tests/bge.o
LOAD ./src/riscv_isa_tests/bgeu.o
LOAD ./src/riscv_isa_tests/blt.o
LOAD ./src/riscv_isa_tests/bltu.o
LOAD ./src/riscv_isa_tests/bne.o
LOAD ./src/riscv_isa_tests/csr.o
LOAD ./src/riscv_isa_tests/div.o
LOAD ./src/riscv_isa_tests/divu.o
LOAD ./src/riscv_isa_tests/ecall.o
LOAD ./src/riscv_isa_tests/j.o
LOAD ./src/riscv_isa_tests/jal.o
LOAD ./src/riscv_isa_tests/jalr.o
LOAD ./src/riscv_isa_tests/lb.o
LOAD ./src/riscv_isa_tests/lbu.o
LOAD ./src/riscv_isa_tests/lh.o
LOAD ./src/riscv_isa_tests/lhu.o
LOAD ./src/riscv_isa_tests/lui.o
LOAD ./src/riscv_isa_tests/lw.o
LOAD ./src/riscv_isa_tests/mul.o
LOAD ./src/riscv_isa_tests/mulh.o
LOAD ./src/riscv_isa_tests/mulhsu.o
LOAD ./src/riscv_isa_tests/mulhu.o
LOAD ./src/riscv_isa_tests/or.o
LOAD ./src/riscv_isa_tests/ori.o
LOAD ./src/riscv_isa_tests/rem.o
LOAD ./src/riscv_isa_tests/remu.o
LOAD ./src/riscv_isa_tests/sb.o
LOAD ./src/riscv_isa_tests/sh.o
LOAD ./src/riscv_isa_tests/sll.o
LOAD ./src/riscv_isa_tests/slli.o
LOAD ./src/riscv_isa_tests/slt.o
LOAD ./src/riscv_isa_tests/slti.o
LOAD ./src/riscv_isa_tests/sra.o
LOAD ./src/riscv_isa_tests/srai.o
LOAD ./src/riscv_isa_tests/srl.o
LOAD ./src/riscv_isa_tests/srli.o
LOAD ./src/riscv_isa_tests/sub.o
LOAD ./src/riscv_isa_tests/sw.o
LOAD ./src/riscv_isa_tests/xor.o
LOAD ./src/riscv_isa_tests/xori.o
LOAD ./src/riscv_isa_tests/amoadd_w.o
LOAD ./src/riscv_isa_tests/amoand_w.o
LOAD ./src/riscv_isa_tests/amomaxu_w.o
LOAD ./src/riscv_isa_tests/amomax_w.o
LOAD ./src/riscv_isa_tests/amominu_w.o
LOAD ./src/riscv_isa_tests/amomin_w.o
LOAD ./src/riscv_isa_tests/amoor_w.o
LOAD ./src/riscv_isa_tests/amoswap_w.o
LOAD ./src/riscv_isa_tests/amoxor_w.o
LOAD ./src/riscv_isa_tests/lrsc.o
LOAD ./src/dhrystone/dhry_1.o
LOAD ./src/dhrystone/dhry_2.o
LOAD ./src/coremark/core_list_join.o
LOAD ./src/coremark/core_main.o
LOAD ./src/coremark/core_matrix.o
LOAD ./src/coremark/core_portme.o
LOAD ./src/coremark/core_state.o
LOAD ./src/coremark/core_util.o
LOAD ./src/init.o
LOAD ./src/start.o
LOAD ./src/stdlib.o
LOAD /home/vithurson/Desktop/7.1.1-2-20170912-2255/bin/../lib/gcc/riscv64-unknown-elf/7.1.1/../../../../riscv64-unknown-elf/lib/libc.a
LOAD /home/vithurson/Desktop/7.1.1-2-20170912-2255/bin/../lib/gcc/riscv64-unknown-elf/7.1.1/libgcc.a
START GROUP
LOAD /home/vithurson/Desktop/7.1.1-2-20170912-2255/bin/../lib/gcc/riscv64-unknown-elf/7.1.1/libgcc.a
LOAD /home/vithurson/Desktop/7.1.1-2-20170912-2255/bin/../lib/gcc/riscv64-unknown-elf/7.1.1/../../../../riscv64-unknown-elf/lib/libg.a
LOAD /home/vithurson/Desktop/7.1.1-2-20170912-2255/bin/../lib/gcc/riscv64-unknown-elf/7.1.1/../../../../riscv64-unknown-elf/lib/libc.a
END GROUP
LOAD /home/vithurson/Desktop/7.1.1-2-20170912-2255/bin/../lib/gcc/riscv64-unknown-elf/7.1.1/libgcc.a
                0x0000000000000000                . = 0x0

.text           0x0000000000000000    0x1e03c
 *(.text.boot)
 .text.boot     0x0000000000000000       0xb8 ./src/start.o
                0x0000000000000000                _start
                0x0000000000000084                isaTest
                0x0000000000000090                isaTestEnd
                0x0000000000000098                dhrystoneBenchmark
                0x00000000000000a8                coremarkBenchmark
                0x0000000000010000                . = 0x10000
 *fill*         0x00000000000000b8     0xff48 
 *(.text)
 .text          0x0000000000010000      0x56c ./src/riscv_isa_tests/add.o
                0x0000000000010008                add
 .text          0x000000000001056c      0x317 ./src/riscv_isa_tests/addi.o
                0x0000000000010574                addi
 *fill*         0x0000000000010883        0x1 
 .text          0x0000000000010884      0x544 ./src/riscv_isa_tests/and.o
                0x000000000001088c                and
 .text          0x0000000000010dc8      0x24f ./src/riscv_isa_tests/andi.o
                0x0000000000010dd0                andi
 *fill*         0x0000000000011017        0x1 
 .text          0x0000000000011018       0xd2 ./src/riscv_isa_tests/auipc.o
                0x0000000000011020                auipc
 *fill*         0x00000000000110ea        0x2 
 .text          0x00000000000110ec      0x34c ./src/riscv_isa_tests/beq.o
                0x00000000000110f4                beq
 .text          0x0000000000011438      0x3ac ./src/riscv_isa_tests/bge.o
                0x0000000000011440                bge
 .text          0x00000000000117e4      0x3e3 ./src/riscv_isa_tests/bgeu.o
                0x00000000000117ec                bgeu
 *fill*         0x0000000000011bc7        0x1 
 .text          0x0000000000011bc8      0x34c ./src/riscv_isa_tests/blt.o
                0x0000000000011bd0                blt
 .text          0x0000000000011f14      0x383 ./src/riscv_isa_tests/bltu.o
                0x0000000000011f1c                bltu
 *fill*         0x0000000000012297        0x1 
 .text          0x0000000000012298      0x350 ./src/riscv_isa_tests/bne.o
                0x00000000000122a0                bne
 .text          0x00000000000125e8      0x232 ./src/riscv_isa_tests/csr.o
                0x00000000000125f0                csr
                0x00000000000127b8                mtvec_handler
 *fill*         0x000000000001281a        0x2 
 .text          0x000000000001281c      0x168 ./src/riscv_isa_tests/div.o
                0x0000000000012824                div
 .text          0x0000000000012984      0x16c ./src/riscv_isa_tests/divu.o
                0x000000000001298c                divu
 .text          0x0000000000012af0       0xc6 ./src/riscv_isa_tests/ecall.o
                0x0000000000012af8                ecall
 *fill*         0x0000000000012bb6        0x2 
 .text          0x0000000000012bb8       0xc6 ./src/riscv_isa_tests/j.o
                0x0000000000012bbc                j
 *fill*         0x0000000000012c7e        0x2 
 .text          0x0000000000012c80       0xe4 ./src/riscv_isa_tests/jal.o
                0x0000000000012c88                jal
 .text          0x0000000000012d64      0x18f ./src/riscv_isa_tests/jalr.o
                0x0000000000012d6c                jalr
 *fill*         0x0000000000012ef3        0x1 
 .text          0x0000000000012ef4      0x2d6 ./src/riscv_isa_tests/lb.o
                0x0000000000012ef8                lb
 *fill*         0x00000000000131ca        0x2 
 .text          0x00000000000131cc      0x2d8 ./src/riscv_isa_tests/lbu.o
                0x00000000000131d4                lbu
 .text          0x00000000000134a4      0x2f6 ./src/riscv_isa_tests/lh.o
                0x00000000000134a8                lh
 *fill*         0x000000000001379a        0x2 
 .text          0x000000000001379c      0x30c ./src/riscv_isa_tests/lhu.o
                0x00000000000137a4                lhu
 .text          0x0000000000013aa8       0xec ./src/riscv_isa_tests/lui.o
                0x0000000000013ab0                lui
 .text          0x0000000000013b94      0x316 ./src/riscv_isa_tests/lw.o
                0x0000000000013b98                lw
 *fill*         0x0000000000013eaa        0x2 
 .text          0x0000000000013eac      0x554 ./src/riscv_isa_tests/mul.o
                0x0000000000013eb4                mul
 .text          0x0000000000014400      0x554 ./src/riscv_isa_tests/mulh.o
                0x0000000000014408                mulh
 .text          0x0000000000014954      0x556 ./src/riscv_isa_tests/mulhsu.o
                0x000000000001495c                mulhsu
 *fill*         0x0000000000014eaa        0x2 
 .text          0x0000000000014eac      0x557 ./src/riscv_isa_tests/mulhu.o
                0x0000000000014eb4                mulhu
 *fill*         0x0000000000015403        0x1 
 .text          0x0000000000015404      0x54e ./src/riscv_isa_tests/or.o
                0x0000000000015408                or
 *fill*         0x0000000000015952        0x2 
 .text          0x0000000000015954      0x268 ./src/riscv_isa_tests/ori.o
                0x000000000001595c                ori
 .text          0x0000000000015bbc      0x168 ./src/riscv_isa_tests/rem.o
                0x0000000000015bc4                rem
 .text          0x0000000000015d24      0x168 ./src/riscv_isa_tests/remu.o
                0x0000000000015d2c                remu
 .text          0x0000000000015e8c      0x47e ./src/riscv_isa_tests/sb.o
                0x0000000000015e90                sb
 *fill*         0x000000000001630a        0x2 
 .text          0x000000000001630c      0x502 ./src/riscv_isa_tests/sh.o
                0x0000000000016310                sh
 *fill*         0x000000000001680e        0x2 
 .text          0x0000000000016810      0x5f8 ./src/riscv_isa_tests/sll.o
                0x0000000000016818                sll
 .text          0x0000000000016e08      0x313 ./src/riscv_isa_tests/slli.o
                0x0000000000016e10                slli
 *fill*         0x000000000001711b        0x1 
 .text          0x000000000001711c      0x554 ./src/riscv_isa_tests/slt.o
                0x0000000000017124                slt
 .text          0x0000000000017670      0x303 ./src/riscv_isa_tests/slti.o
                0x0000000000017678                slti
 *fill*         0x0000000000017973        0x1 
 .text          0x0000000000017974      0x628 ./src/riscv_isa_tests/sra.o
                0x000000000001797c                sra
 .text          0x0000000000017f9c      0x344 ./src/riscv_isa_tests/srai.o
                0x0000000000017fa4                srai
 .text          0x00000000000182e0      0x648 ./src/riscv_isa_tests/srl.o
                0x00000000000182e8                srl
 .text          0x0000000000018928      0x343 ./src/riscv_isa_tests/srli.o
                0x0000000000018930                srli
 *fill*         0x0000000000018c6b        0x1 
 .text          0x0000000000018c6c      0x54c ./src/riscv_isa_tests/sub.o
                0x0000000000018c74                sub
 .text          0x00000000000191b8      0x50e ./src/riscv_isa_tests/sw.o
                0x00000000000191bc                sw
 *fill*         0x00000000000196c6        0x2 
 .text          0x00000000000196c8      0x54c ./src/riscv_isa_tests/xor.o
                0x00000000000196d0                xor
 .text          0x0000000000019c14      0x270 ./src/riscv_isa_tests/xori.o
                0x0000000000019c1c                xori
 .text          0x0000000000019e84       0xf4 ./src/riscv_isa_tests/amoadd_w.o
                0x0000000000019e90                amoaddw
 .text          0x0000000000019f78       0xef ./src/riscv_isa_tests/amoand_w.o
                0x0000000000019f84                amoand_w
 *fill*         0x000000000001a067        0x1 
 .text          0x000000000001a068       0xf2 ./src/riscv_isa_tests/amomaxu_w.o
                0x000000000001a074                amomaxu_w
 *fill*         0x000000000001a15a        0x2 
 .text          0x000000000001a15c       0xf3 ./src/riscv_isa_tests/amomax_w.o
                0x000000000001a168                amomax_w
 *fill*         0x000000000001a24f        0x1 
 .text          0x000000000001a250       0xf2 ./src/riscv_isa_tests/amominu_w.o
                0x000000000001a25c                amominu_w
 *fill*         0x000000000001a342        0x2 
 .text          0x000000000001a344       0xf3 ./src/riscv_isa_tests/amomin_w.o
                0x000000000001a350                amomin_w
 *fill*         0x000000000001a437        0x1 
 .text          0x000000000001a438       0xec ./src/riscv_isa_tests/amoor_w.o
                0x000000000001a444                amoor_w
 .text          0x000000000001a524       0xee ./src/riscv_isa_tests/amoswap_w.o
                0x000000000001a530                amoswap_w
 *fill*         0x000000000001a612        0x2 
 .text          0x000000000001a614       0xff ./src/riscv_isa_tests/amoxor_w.o
                0x000000000001a620                amoxor_w
 *fill*         0x000000000001a713        0x1 
 .text          0x000000000001a714      0x17f ./src/riscv_isa_tests/lrsc.o
                0x000000000001a71c                lrsc_w
 *fill*         0x000000000001a893        0x1 
 .text          0x000000000001a894      0x8fc ./src/dhrystone/dhry_1.o
                0x000000000001a894                Proc_2
                0x000000000001a8c4                Proc_3
                0x000000000001a8f0                Proc_1
                0x000000000001aa50                DHRYSTONE
                0x000000000001b148                Proc_4
                0x000000000001b178                Proc_5
 .text          0x000000000001b190      0x15c ./src/dhrystone/dhry_2.o
                0x000000000001b190                Proc_6
                0x000000000001b1e0                Proc_7
                0x000000000001b1f0                Proc_8
                0x000000000001b258                Func_1
                0x000000000001b27c                Func_2
                0x000000000001b2e0                Func_3
 .text          0x000000000001b2ec      0x8c8 ./src/coremark/core_list_join.o
                0x000000000001b2ec                cmp_idx
                0x000000000001b338                calc_func
                0x000000000001b448                cmp_complex
                0x000000000001b498                copy_info
                0x000000000001b4ac                core_list_insert_new
                0x000000000001b50c                core_list_remove
                0x000000000001b538                core_list_undo_remove
                0x000000000001b558                core_list_find
                0x000000000001b5c8                core_list_reverse
                0x000000000001b5ec                core_list_mergesort
                0x000000000001b734                core_bench_list
                0x000000000001b9dc                core_list_init
 .text          0x000000000001bbb4      0xa84 ./src/coremark/core_main.o
                0x000000000001bbb4                iterate
                0x000000000001bc40                COREMARK
 .text          0x000000000001c638      0xab6 ./src/coremark/core_matrix.o
                0x000000000001c638                printmat
                0x000000000001c70c                printmatC
                0x000000000001c7e0                core_init_matrix
                0x000000000001c930                matrix_sum
                0x000000000001c9d0                matrix_mul_const
                0x000000000001ca10                matrix_add_const
                0x000000000001ca48                matrix_mul_vect
                0x000000000001ca98                matrix_mul_matrix
                0x000000000001cb1c                matrix_mul_matrix_bitextract
                0x000000000001cbb4                matrix_test
                0x000000000001d0b0                core_bench_matrix
 *fill*         0x000000000001d0ee        0x2 
 .text          0x000000000001d0f0       0x7c ./src/coremark/core_portme.o
                0x000000000001d0f0                start_time
                0x000000000001d110                stop_time
                0x000000000001d130                get_time
                0x000000000001d148                time_in_secs
                0x000000000001d158                portable_init
                0x000000000001d164                portable_fini
 .text          0x000000000001d16c      0x6f2 ./src/coremark/core_state.o
                0x000000000001d16c                core_init_state
                0x000000000001d2e4                core_state_transition
                0x000000000001d628                core_bench_state
 *fill*         0x000000000001d85e        0x2 
 .text          0x000000000001d860      0x16c ./src/coremark/core_util.o
                0x000000000001d860                get_seed_32
                0x000000000001d8c4                crcu8
                0x000000000001d904                crcu16
                0x000000000001d984                crcu32
                0x000000000001d9b8                crc16
                0x000000000001d9c4                check_data_types
 .text          0x000000000001d9cc       0x28 ./src/init.o
                0x000000000001d9cc                risvISATestStartMsg
                0x000000000001d9d8                risvDhrystoneStartMsg
                0x000000000001d9e4                risvCoremarkStartMsg
                0x000000000001d9f0                init
 .text          0x000000000001d9f4        0x0 ./src/start.o
 .text          0x000000000001d9f4      0x648 ./src/stdlib.o
                0x000000000001d9f4                time
                0x000000000001d9fc                insn
                0x000000000001da04                enableIntr
                0x000000000001da0c                enableExternalIntr
                0x000000000001da20                enableTimerIntr
                0x000000000001da30                disableIntr
                0x000000000001da38                disableExternalIntr
                0x000000000001da48                disableTimerIntr
                0x000000000001da54                readMtime
                0x000000000001da60                readMtimeCmp
                0x000000000001da6c                writeMtimeCmp
                0x000000000001da78                malloc
                0x000000000001daa4                printf_c
                0x000000000001dabc                printf_s
                0x000000000001dae8                printf_d
                0x000000000001db64                printf_h
                0x000000000001dba8                printf
                0x000000000001ddb4                scanf_c
                0x000000000001ddf8                scanf
                0x000000000001de64                memcpy
                0x000000000001de88                strcpy
                0x000000000001df38                strcmp

.rodata         0x000000000001e03c       0x90
 *(.rodata)
 .rodata        0x000000000001e03c       0x22 ./src/coremark/core_main.o
 *fill*         0x000000000001e05e        0x2 
 .rodata        0x000000000001e060       0x54 ./src/coremark/core_state.o
 .rodata        0x000000000001e0b4       0x18 ./src/coremark/core_util.o

.rodata.str1.4  0x000000000001e0cc      0xd1c
 .rodata.str1.4
                0x000000000001e0cc      0x5d6 ./src/dhrystone/dhry_1.o
                                        0x5da (size before relaxing)
 *fill*         0x000000000001e6a2        0x2 
 .rodata.str1.4
                0x000000000001e6a4       0x64 ./src/coremark/core_list_join.o
                                         0x66 (size before relaxing)
 .rodata.str1.4
                0x000000000001e708      0x456 ./src/coremark/core_main.o
                                        0x45a (size before relaxing)
 *fill*         0x000000000001eb5e        0x2 
 .rodata.str1.4
                0x000000000001eb60       0x8d ./src/coremark/core_matrix.o
                                         0x91 (size before relaxing)
 *fill*         0x000000000001ebed        0x3 
 .rodata.str1.4
                0x000000000001ebf0       0xf1 ./src/coremark/core_state.o
                                         0xf5 (size before relaxing)
 *fill*         0x000000000001ece1        0x3 
 .rodata.str1.4
                0x000000000001ece4       0xef ./src/init.o
 *fill*         0x000000000001edd3        0x1 
 .rodata.str1.4
                0x000000000001edd4       0x14 ./src/stdlib.o
                                         0x15 (size before relaxing)

.rela.dyn       0x000000000001ede8        0x0
 .rela.text     0x000000000001ede8        0x0 ./src/riscv_isa_tests/add.o

.data           0x000000000001ede8      0x490
 *(.data)
 .data          0x000000000001ede8        0x0 ./src/riscv_isa_tests/add.o
 .data          0x000000000001ede8        0x0 ./src/riscv_isa_tests/addi.o
 .data          0x000000000001ede8        0x0 ./src/riscv_isa_tests/and.o
 .data          0x000000000001ede8        0x0 ./src/riscv_isa_tests/andi.o
 .data          0x000000000001ede8        0x0 ./src/riscv_isa_tests/auipc.o
 .data          0x000000000001ede8        0x0 ./src/riscv_isa_tests/beq.o
 .data          0x000000000001ede8        0x0 ./src/riscv_isa_tests/bge.o
 .data          0x000000000001ede8        0x0 ./src/riscv_isa_tests/bgeu.o
 .data          0x000000000001ede8        0x0 ./src/riscv_isa_tests/blt.o
 .data          0x000000000001ede8        0x0 ./src/riscv_isa_tests/bltu.o
 .data          0x000000000001ede8        0x0 ./src/riscv_isa_tests/bne.o
 .data          0x000000000001ede8        0x4 ./src/riscv_isa_tests/csr.o
 .data          0x000000000001edec        0x0 ./src/riscv_isa_tests/div.o
 .data          0x000000000001edec        0x0 ./src/riscv_isa_tests/divu.o
 .data          0x000000000001edec        0x0 ./src/riscv_isa_tests/ecall.o
 .data          0x000000000001edec        0x0 ./src/riscv_isa_tests/j.o
 .data          0x000000000001edec        0x0 ./src/riscv_isa_tests/jal.o
 .data          0x000000000001edec        0x0 ./src/riscv_isa_tests/jalr.o
 .data          0x000000000001edec        0x4 ./src/riscv_isa_tests/lb.o
 .data          0x000000000001edf0        0x4 ./src/riscv_isa_tests/lbu.o
 .data          0x000000000001edf4        0x8 ./src/riscv_isa_tests/lh.o
 .data          0x000000000001edfc        0x8 ./src/riscv_isa_tests/lhu.o
 .data          0x000000000001ee04        0x0 ./src/riscv_isa_tests/lui.o
 .data          0x000000000001ee04       0x10 ./src/riscv_isa_tests/lw.o
 .data          0x000000000001ee14        0x0 ./src/riscv_isa_tests/mul.o
 .data          0x000000000001ee14        0x0 ./src/riscv_isa_tests/mulh.o
 .data          0x000000000001ee14        0x0 ./src/riscv_isa_tests/mulhsu.o
 .data          0x000000000001ee14        0x0 ./src/riscv_isa_tests/mulhu.o
 .data          0x000000000001ee14        0x0 ./src/riscv_isa_tests/or.o
 .data          0x000000000001ee14        0x0 ./src/riscv_isa_tests/ori.o
 .data          0x000000000001ee14        0x0 ./src/riscv_isa_tests/rem.o
 .data          0x000000000001ee14        0x0 ./src/riscv_isa_tests/remu.o
 .data          0x000000000001ee14        0xa ./src/riscv_isa_tests/sb.o
 *fill*         0x000000000001ee1e        0x2 
 .data          0x000000000001ee20       0x14 ./src/riscv_isa_tests/sh.o
 .data          0x000000000001ee34        0x0 ./src/riscv_isa_tests/sll.o
 .data          0x000000000001ee34        0x0 ./src/riscv_isa_tests/slli.o
 .data          0x000000000001ee34        0x0 ./src/riscv_isa_tests/slt.o
 .data          0x000000000001ee34        0x0 ./src/riscv_isa_tests/slti.o
 .data          0x000000000001ee34        0x0 ./src/riscv_isa_tests/sra.o
 .data          0x000000000001ee34        0x0 ./src/riscv_isa_tests/srai.o
 .data          0x000000000001ee34        0x0 ./src/riscv_isa_tests/srl.o
 .data          0x000000000001ee34        0x0 ./src/riscv_isa_tests/srli.o
 .data          0x000000000001ee34        0x0 ./src/riscv_isa_tests/sub.o
 .data          0x000000000001ee34       0x28 ./src/riscv_isa_tests/sw.o
 .data          0x000000000001ee5c        0x0 ./src/riscv_isa_tests/xor.o
 .data          0x000000000001ee5c        0x0 ./src/riscv_isa_tests/xori.o
 .data          0x000000000001ee5c        0x0 ./src/riscv_isa_tests/amoadd_w.o
 .data          0x000000000001ee5c        0x0 ./src/riscv_isa_tests/amoand_w.o
 .data          0x000000000001ee5c        0x0 ./src/riscv_isa_tests/amomaxu_w.o
 .data          0x000000000001ee5c        0x0 ./src/riscv_isa_tests/amomax_w.o
 .data          0x000000000001ee5c        0x0 ./src/riscv_isa_tests/amominu_w.o
 .data          0x000000000001ee5c        0x0 ./src/riscv_isa_tests/amomin_w.o
 .data          0x000000000001ee5c        0x0 ./src/riscv_isa_tests/amoor_w.o
 .data          0x000000000001ee5c        0x0 ./src/riscv_isa_tests/amoswap_w.o
 .data          0x000000000001ee5c        0x0 ./src/riscv_isa_tests/amoxor_w.o
 .data          0x000000000001ee5c      0x410 ./src/riscv_isa_tests/lrsc.o
 .data          0x000000000001f26c        0x0 ./src/dhrystone/dhry_1.o
 .data          0x000000000001f26c        0x0 ./src/dhrystone/dhry_2.o
 .data          0x000000000001f26c        0x0 ./src/coremark/core_list_join.o
 .data          0x000000000001f26c        0xc ./src/coremark/core_main.o
                0x000000000001f26c                mem_name
 .data          0x000000000001f278        0x0 ./src/coremark/core_matrix.o
 .data          0x000000000001f278        0x0 ./src/coremark/core_portme.o
 .data          0x000000000001f278        0x0 ./src/coremark/core_state.o
 .data          0x000000000001f278        0x0 ./src/coremark/core_util.o
 .data          0x000000000001f278        0x0 ./src/init.o
 .data          0x000000000001f278        0x0 ./src/start.o
 .data          0x000000000001f278        0x0 ./src/stdlib.o

.sdata          0x000000000001f278        0x8
 .sdata         0x000000000001f278        0x8 ./src/coremark/core_portme.o
                0x000000000001f278                default_num_contexts
                0x000000000001f27c                seed3_volatile

.bss            0x000000000001f280     0x2c54
 *(.bss)
 .bss           0x000000000001f280        0x0 ./src/riscv_isa_tests/add.o
 .bss           0x000000000001f280        0x0 ./src/riscv_isa_tests/addi.o
 .bss           0x000000000001f280        0x0 ./src/riscv_isa_tests/and.o
 .bss           0x000000000001f280        0x0 ./src/riscv_isa_tests/andi.o
 .bss           0x000000000001f280        0x0 ./src/riscv_isa_tests/auipc.o
 .bss           0x000000000001f280        0x0 ./src/riscv_isa_tests/beq.o
 .bss           0x000000000001f280        0x0 ./src/riscv_isa_tests/bge.o
 .bss           0x000000000001f280        0x0 ./src/riscv_isa_tests/bgeu.o
 .bss           0x000000000001f280        0x0 ./src/riscv_isa_tests/blt.o
 .bss           0x000000000001f280        0x0 ./src/riscv_isa_tests/bltu.o
 .bss           0x000000000001f280        0x0 ./src/riscv_isa_tests/bne.o
 .bss           0x000000000001f280        0x0 ./src/riscv_isa_tests/csr.o
 .bss           0x000000000001f280        0x0 ./src/riscv_isa_tests/div.o
 .bss           0x000000000001f280        0x0 ./src/riscv_isa_tests/divu.o
 .bss           0x000000000001f280        0x0 ./src/riscv_isa_tests/ecall.o
 .bss           0x000000000001f280        0x0 ./src/riscv_isa_tests/j.o
 .bss           0x000000000001f280        0x0 ./src/riscv_isa_tests/jal.o
 .bss           0x000000000001f280        0x0 ./src/riscv_isa_tests/jalr.o
 .bss           0x000000000001f280        0x0 ./src/riscv_isa_tests/lb.o
 .bss           0x000000000001f280        0x0 ./src/riscv_isa_tests/lbu.o
 .bss           0x000000000001f280        0x0 ./src/riscv_isa_tests/lh.o
 .bss           0x000000000001f280        0x0 ./src/riscv_isa_tests/lhu.o
 .bss           0x000000000001f280        0x0 ./src/riscv_isa_tests/lui.o
 .bss           0x000000000001f280        0x0 ./src/riscv_isa_tests/lw.o
 .bss           0x000000000001f280        0x0 ./src/riscv_isa_tests/mul.o
 .bss           0x000000000001f280        0x0 ./src/riscv_isa_tests/mulh.o
 .bss           0x000000000001f280        0x0 ./src/riscv_isa_tests/mulhsu.o
 .bss           0x000000000001f280        0x0 ./src/riscv_isa_tests/mulhu.o
 .bss           0x000000000001f280        0x0 ./src/riscv_isa_tests/or.o
 .bss           0x000000000001f280        0x0 ./src/riscv_isa_tests/ori.o
 .bss           0x000000000001f280        0x0 ./src/riscv_isa_tests/rem.o
 .bss           0x000000000001f280        0x0 ./src/riscv_isa_tests/remu.o
 .bss           0x000000000001f280        0x0 ./src/riscv_isa_tests/sb.o
 .bss           0x000000000001f280        0x0 ./src/riscv_isa_tests/sh.o
 .bss           0x000000000001f280        0x0 ./src/riscv_isa_tests/sll.o
 .bss           0x000000000001f280        0x0 ./src/riscv_isa_tests/slli.o
 .bss           0x000000000001f280        0x0 ./src/riscv_isa_tests/slt.o
 .bss           0x000000000001f280        0x0 ./src/riscv_isa_tests/slti.o
 .bss           0x000000000001f280        0x0 ./src/riscv_isa_tests/sra.o
 .bss           0x000000000001f280        0x0 ./src/riscv_isa_tests/srai.o
 .bss           0x000000000001f280        0x0 ./src/riscv_isa_tests/srl.o
 .bss           0x000000000001f280        0x0 ./src/riscv_isa_tests/srli.o
 .bss           0x000000000001f280        0x0 ./src/riscv_isa_tests/sub.o
 .bss           0x000000000001f280        0x0 ./src/riscv_isa_tests/sw.o
 .bss           0x000000000001f280        0x0 ./src/riscv_isa_tests/xor.o
 .bss           0x000000000001f280        0x0 ./src/riscv_isa_tests/xori.o
 .bss           0x000000000001f280        0x8 ./src/riscv_isa_tests/amoadd_w.o
 .bss           0x000000000001f288        0x8 ./src/riscv_isa_tests/amoand_w.o
 .bss           0x000000000001f290        0x8 ./src/riscv_isa_tests/amomaxu_w.o
 .bss           0x000000000001f298        0x8 ./src/riscv_isa_tests/amomax_w.o
 .bss           0x000000000001f2a0        0x8 ./src/riscv_isa_tests/amominu_w.o
 .bss           0x000000000001f2a8        0x8 ./src/riscv_isa_tests/amomin_w.o
 .bss           0x000000000001f2b0        0x8 ./src/riscv_isa_tests/amoor_w.o
 .bss           0x000000000001f2b8        0x8 ./src/riscv_isa_tests/amoswap_w.o
 .bss           0x000000000001f2c0        0x8 ./src/riscv_isa_tests/amoxor_w.o
 .bss           0x000000000001f2c8        0x0 ./src/riscv_isa_tests/lrsc.o
 .bss           0x000000000001f2c8        0x0 ./src/dhrystone/dhry_1.o
 .bss           0x000000000001f2c8        0x0 ./src/dhrystone/dhry_2.o
 .bss           0x000000000001f2c8        0x0 ./src/coremark/core_list_join.o
 .bss           0x000000000001f2c8        0x0 ./src/coremark/core_main.o
 .bss           0x000000000001f2c8        0x0 ./src/coremark/core_matrix.o
 .bss           0x000000000001f2c8        0x0 ./src/coremark/core_portme.o
 .bss           0x000000000001f2c8        0x0 ./src/coremark/core_state.o
 .bss           0x000000000001f2c8        0x0 ./src/coremark/core_util.o
 .bss           0x000000000001f2c8        0x0 ./src/init.o
 .bss           0x000000000001f2c8        0x0 ./src/start.o
 .bss           0x000000000001f2c8        0x0 ./src/stdlib.o
 COMMON         0x000000000001f2c8     0x280c ./src/dhrystone/dhry_1.o
                0x000000000001f2c8                Microseconds
                0x000000000001f2cc                Dhrystones_Per_Second
                0x000000000001f2d0                User_Insn
                0x000000000001f2d4                User_Time
                0x000000000001f2d8                Begin_Time
                0x000000000001f2dc                Arr_2_Glob
                0x00000000000219ec                End_Time
                0x00000000000219f0                Next_Ptr_Glob
                0x00000000000219f4                Int_Glob
                0x00000000000219f8                Ch_1_Glob
                0x00000000000219f9                Ch_2_Glob
                0x00000000000219fc                Ptr_Glob
                0x0000000000021a00                Begin_Insn
                0x0000000000021a04                Arr_1_Glob
                0x0000000000021acc                Bool_Glob
                0x0000000000021ad0                End_Insn
 COMMON         0x0000000000021ad4      0x400 ./src/stdlib.o
                0x0000000000021ad4                heap_memory
OUTPUT(RISCV_Test_Benchmark.elf elf32-littleriscv)

.sbss           0x0000000000021ed4       0x20
 .sbss          0x0000000000021ed4        0x4 ./src/dhrystone/dhry_1.o
                0x0000000000021ed4                Reg
 .sbss          0x0000000000021ed8       0x18 ./src/coremark/core_portme.o
                0x0000000000021ee0                seed5_volatile
                0x0000000000021ee4                seed4_volatile
                0x0000000000021ee8                seed2_volatile
                0x0000000000021eec                seed1_volatile
 .sbss          0x0000000000021ef0        0x4 ./src/stdlib.o
                0x0000000000021ef0                heap_memory_used

.comment        0x0000000000000000       0x43
 .comment       0x0000000000000000       0x43 ./src/dhrystone/dhry_1.o
                                         0x44 (size before relaxing)
 .comment       0x0000000000000043       0x44 ./src/dhrystone/dhry_2.o
 .comment       0x0000000000000043       0x44 ./src/coremark/core_list_join.o
 .comment       0x0000000000000043       0x44 ./src/coremark/core_main.o
 .comment       0x0000000000000043       0x44 ./src/coremark/core_matrix.o
 .comment       0x0000000000000043       0x44 ./src/coremark/core_portme.o
 .comment       0x0000000000000043       0x44 ./src/coremark/core_state.o
 .comment       0x0000000000000043       0x44 ./src/coremark/core_util.o
 .comment       0x0000000000000043       0x44 ./src/init.o
 .comment       0x0000000000000043       0x44 ./src/stdlib.o
